// Jest Snapshot v1, https://goo.gl/fbAQLP

exports[`Button renders the button as expected 1`] = `
<button
  className="Button__StyledButton-h5w9x6-0 bMGHFb"
  onClick={[Function]}
  type="button"
>
  Hello
</button>
`;
